##106448640,2
##114841344,3
##123234048,4
##131626752,5
